<html>
<body>
<pre>
<h1>µVision Build Log</h1>
<h2>Tool Versions:</h2>
IDE-Version: µVision V5.15
Copyright (C) 2015 ARM Ltd and ARM Germany GmbH. All rights reserved.
License Information: Lok Cheuk, x, LIC=----
 
Tool Versions:
Toolchain:       MDK-Lite  Version: 5.15.0
Toolchain Path:  C:\Keil_v5\ARM\ARMCC\Bin
C Compiler:      Armcc.exe V5.05 update 2 (build 169)
Assembler:       Armasm.exe V5.05 update 2 (build 169)
Linker/Locator:  ArmLink.exe V5.05 update 2 (build 169)
Library Manager: ArmAr.exe V5.05 update 2 (build 169)
Hex Converter:   FromElf.exe V5.05 update 2 (build 169)
CPU DLL:         SARMCM3.DLL V5.15.0
Dialog DLL:      DCM.DLL V1.13.2.0
Target DLL:      UL2CM3.DLL V1.155.8.0
Dialog DLL:      TCM.DLL V1.14.5.0
 
<h2>Project:</h2>
C:\Users\cheuk\OneDrive\Desktop\3810\Project\project.uvprojx
Project File Date:  04/13/2022

<h2>Output:</h2>
*** Using Compiler 'V5.05 update 2 (build 169)', folder: 'C:\Keil_v5\ARM\ARMCC\Bin'
Rebuild target 'project'
compiling misc.c...
compiling stm32f10x_adc.c...
compiling stm32f10x_bkp.c...
compiling stm32f10x_can.c...
compiling stm32f10x_cec.c...
compiling stm32f10x_crc.c...
compiling stm32f10x_dac.c...
compiling stm32f10x_dbgmcu.c...
compiling stm32f10x_dma.c...
compiling stm32f10x_exti.c...
compiling stm32f10x_flash.c...
compiling stm32f10x_fsmc.c...
compiling stm32f10x_gpio.c...
compiling stm32f10x_i2c.c...
compiling stm32f10x_iwdg.c...
compiling stm32f10x_pwr.c...
compiling stm32f10x_rcc.c...
compiling stm32f10x_rtc.c...
compiling stm32f10x_sdio.c...
compiling stm32f10x_spi.c...
compiling stm32f10x_tim.c...
compiling stm32f10x_usart.c...
compiling stm32f10x_wwdg.c...
compiling core_cm3.c...
compiling system_stm32f10x.c...
assembling startup_stm32f10x_hd.s...
compiling IERG3810_Buzzer.c...
compiling IERG3810_KEY.c...
compiling IERG3810_LED.c...
compiling IERG3810_Clock.c...
compiling IERG3810_USART.c...
compiling IERG3810_TFTLCD.c...
compiling IERG3810_Delay.c...
compiling IERG3810_TIMER.c...
compiling IERG3810_INTERRUPT.c...
Board\IERG3810_GameInit.h(9): warning:  #1295-D: Deprecated declaration IERG3810_checkdraw - give arg types
  int IERG3810_checkdraw();
Board\IERG3810_GameInit.h(13): warning:  #1295-D: Deprecated declaration IERG3810_turnchange - give arg types
  void IERG3810_turnchange();
Board\IERG3810_INTERRUPT.c: 2 warnings, 0 errors
compiling IERG3810_InitialPage.c...
compiling IERG3810_GameInit.c...
compiling IERG3810_GameRules.c...
compiling IERG3810_GameBoard.c...
compiling stm32f10x_it.c...
compiling project.c...
.\Board\IERG3810_GameInit.h(9): warning:  #1295-D: Deprecated declaration IERG3810_checkdraw - give arg types
  int IERG3810_checkdraw();
.\Board\IERG3810_GameInit.h(13): warning:  #1295-D: Deprecated declaration IERG3810_turnchange - give arg types
  void IERG3810_turnchange();
User\project.c(27): warning:  #550-D: variable "ps2key" was set but never used
                u8 ps2key = 0;
User\project.c: 3 warnings, 0 errors
linking...
Program Size: Code=14370 RO-data=3766 RW-data=60 ZI-data=1844  
FromELF: creating hex file...
".\Objects\_project.axf" - 0 Error(s), 5 Warning(s).

<h2>Collection of Component include folders:</h2>
  C:\Users\cheuk\OneDrive\Desktop\3810\Project\RTE
  C:\Keil_v5\ARM\PACK\Keil\STM32F1xx_DFP\2.4.0\Device\Include

<h2>Collection of Component Files used:</h2>
</pre>
</body>
</html>
